c:\users\vboxuser\source\repos\gameloft-repo\newtrainingframework_2015\utilities\debug-nvidia\utilities.pch
c:\users\vboxuser\source\repos\gameloft-repo\newtrainingframework_2015\bin-nvidia\utilities.pdb
c:\users\vboxuser\source\repos\gameloft-repo\newtrainingframework_2015\bin-nvidia\utilities.idb
c:\users\vboxuser\source\repos\gameloft-repo\newtrainingframework_2015\utilities\debug-nvidia\stdafx.obj
c:\users\vboxuser\source\repos\gameloft-repo\newtrainingframework_2015\utilities\debug-nvidia\esshader.obj
c:\users\vboxuser\source\repos\gameloft-repo\newtrainingframework_2015\utilities\debug-nvidia\esutil.obj
c:\users\vboxuser\source\repos\gameloft-repo\newtrainingframework_2015\utilities\debug-nvidia\esutil_win.obj
c:\users\vboxuser\source\repos\gameloft-repo\newtrainingframework_2015\utilities\debug-nvidia\math.obj
c:\users\vboxuser\source\repos\gameloft-repo\newtrainingframework_2015\utilities\debug-nvidia\tga.obj
c:\users\vboxuser\source\repos\gameloft-repo\newtrainingframework_2015\bin-nvidia\utilities.lib
c:\users\vboxuser\source\repos\gameloft-repo\newtrainingframework_2015\utilities\debug-nvidia\utilities.idb
c:\users\vboxuser\source\repos\gameloft-repo\newtrainingframework_2015\utilities\debug-nvidia\utilities.pdb
c:\users\vboxuser\source\repos\gameloft-repo\newtrainingframework_2015\\bin-nvidia\utilities.pdb
c:\users\vboxuser\source\repos\gameloft-repo\newtrainingframework_2015\utilities\debug-nvidia\utilities.tlog\cl.command.1.tlog
c:\users\vboxuser\source\repos\gameloft-repo\newtrainingframework_2015\utilities\debug-nvidia\utilities.tlog\cl.items.tlog
c:\users\vboxuser\source\repos\gameloft-repo\newtrainingframework_2015\utilities\debug-nvidia\utilities.tlog\cl.read.1.tlog
c:\users\vboxuser\source\repos\gameloft-repo\newtrainingframework_2015\utilities\debug-nvidia\utilities.tlog\cl.write.1.tlog
c:\users\vboxuser\source\repos\gameloft-repo\newtrainingframework_2015\utilities\debug-nvidia\utilities.tlog\lib-link.write.1.tlog
c:\users\vboxuser\source\repos\gameloft-repo\newtrainingframework_2015\utilities\debug-nvidia\utilities.tlog\lib.command.1.tlog
c:\users\vboxuser\source\repos\gameloft-repo\newtrainingframework_2015\utilities\debug-nvidia\utilities.tlog\lib.read.1.tlog
